// Jest Snapshot v1, https://goo.gl/fbAQLP

exports[`AddCategory renders the component correctly 1`] = `
<DocumentFragment>
  <form
    aria-label="Search a gif"
    role="search"
  >
    <input
      aria-label="Search"
      placeholder="Search"
      type="text"
      value=""
    />
  </form>
</DocumentFragment>
`;
