// Jest Snapshot v1, https://goo.gl/fbAQLP

exports[`GifGrid render component correctly 1`] = `
<DocumentFragment>
  <li>
    <h3
      class="category-title"
    >
      music
    </h3>
    <p
      class="animate__pulse"
    >
      Loading...
    </p>
    <div
      class="card-grid animate__slideInUp"
      role="list"
    />
  </li>
</DocumentFragment>
`;
