// Jest Snapshot v1, https://goo.gl/fbAQLP

exports[`Tests in <AddCategory /> should display the component correctly 1`] = `
<DocumentFragment>
  <form
    aria-label="Search a gif"
    role="search"
  >
    <input
      placeholder="Search"
      type="text"
      value=""
    />
  </form>
</DocumentFragment>
`;
